Last login: Thu Oct 31 14:52:21 on ttys002
-bash: /usr/liberxec/java_home: No such file or directory
Shanzidas-MacBook-Air:~ shanzida$ ssh ss51@144.175.88.21
ss51@144.175.88.21's password: 
Permission denied, please try again.
ss51@144.175.88.21's password: 
Last failed login: Thu Oct 31 14:59:39 EDT 2019 from c-69-255-37-191.hsd1.md.comcast.net on ssh:notty
There was 1 failed login attempt since the last successful login.
Last login: Thu Oct 31 14:52:43 2019 from c-69-255-37-191.hsd1.md.comcast.net
-bash-4.2$ srun --pty R

R version 3.6.0 (2019-04-26) -- "Planting of a Tree"
Copyright (C) 2019 The R Foundation for Statistical Computing
Platform: x86_64-redhat-linux-gnu (64-bit)

R is free software and comes with ABSOLUTELY NO WARRANTY.
You are welcome to redistribute it under certain conditions.
Type 'license()' or 'licence()' for distribution details.

  Natural language support but running in an English locale

R is a collaborative project with many contributors.
Type 'contributors()' for more information and
'citation()' on how to cite R or R packages in publications.

Type 'demo()' for some demos, 'help()' for on-line help, or
'help.start()' for an HTML browser interface to help.
Type 'q()' to quit R.

> library(GenomicFeatures)
Loading required package: BiocGenerics
Loading required package: parallel

Attaching package: ‘BiocGenerics’

The following objects are masked from ‘package:parallel’:

    clusterApply, clusterApplyLB, clusterCall, clusterEvalQ,
    clusterExport, clusterMap, parApply, parCapply, parLapply,
    parLapplyLB, parRapply, parSapply, parSapplyLB

The following objects are masked from ‘package:stats’:

    IQR, mad, sd, var, xtabs

The following objects are masked from ‘package:base’:

    anyDuplicated, append, as.data.frame, basename, cbind, colnames,
    dirname, do.call, duplicated, eval, evalq, Filter, Find, get, grep,
    grepl, intersect, is.unsorted, lapply, Map, mapply, match, mget,
    order, paste, pmax, pmax.int, pmin, pmin.int, Position, rank,
    rbind, Reduce, rownames, sapply, setdiff, sort, table, tapply,
    union, unique, unsplit, which, which.max, which.min

Loading required package: S4Vectors
Loading required package: stats4

Attaching package: ‘S4Vectors’

The following object is masked from ‘package:base’:

    expand.grid

Loading required package: IRanges
Loading required package: GenomeInfoDb
Loading required package: GenomicRanges
Loading required package: AnnotationDbi
Loading required package: Biobase
Welcome to Bioconductor

    Vignettes contain introductory material; view with
    'browseVignettes()'. To cite Bioconductor, see
    'citation("Biobase")', and for packages 'citation("pkgname")'.

> # this is the dataset we will be working with
> library(TxDb.Hsapiens.UCSC.hg19.knownGene)
> txdb <- TxDb.Hsapiens.UCSC.hg19.knownGene #shorthand (for convenience)


> ## Restricting the analysis to a subset of chromosomes

> # restrict analysis to chr15
> seqlevels(txdb) <- 'chr15'
> # reset seqlevels
> seqlevels(txdb)
[1] "chr15"

> # retrieving information

> columns(txdb)

 [1] "CDSCHROM"   "CDSEND"     "CDSID"      "CDSNAME"    "CDSSTART"  
 [6] "CDSSTRAND"  "EXONCHROM"  "EXONEND"    "EXONID"     "EXONNAME"  
[11] "EXONRANK"   "EXONSTART"  "EXONSTRAND" "GENEID"     "TXCHROM"   
[16] "TXEND"      "TXID"       "TXNAME"     "TXSTART"    "TXSTRAND"  
[21] "TXTYPE"    

> keytypes(txdb)

[1] "CDSID"    "CDSNAME"  "EXONID"   "EXONNAME" "GENEID"   "TXID"     "TXNAME"  

> select(txdb,key=c("100033416", "100033417", "100033420"),columns ="TXNAME" ,"T'select()' returned 1:1 mapping between keys and columns
     GENEID     TXNAME
1 100033416 uc001yxl.4
2 100033417 uc001yxo.3
3 100033420 uc001yxr.3

> # fetch all transcripts
> tx <- transcripts(txdb)

> # only fetch transcripts on the + strand (of chromosome 15)
> transcripts(txdb, filter = list(tx_strand = '+'))
GRanges object with 1732 ranges and 2 metadata columns:
         seqnames              ranges strand |     tx_id     tx_name
            <Rle>           <IRanges>  <Rle> | <integer> <character>
     [1]    chr15   20362688-20364420      + |     53552  uc001yte.1
     [2]    chr15   20487997-20496811      + |     53553  uc001ytf.1
     [3]    chr15   20723929-20727150      + |     53554  uc001ytj.3
     [4]    chr15   20739312-20739342      + |     53555  uc021sex.1
     [5]    chr15   20742235-20742263      + |     53556  uc010tzb.1
     ...      ...                 ...    ... .       ...         ...
  [1728]    chr15 102506273-102507991      + |     55279  uc002cdj.3
  [1729]    chr15 102511401-102513250      + |     55280  uc031qum.1
  [1730]    chr15 102513423-102516808      + |     55281  uc002cdq.3
  [1731]    chr15 102513423-102516808      + |     55282  uc010bpo.3
  [1732]    chr15 102514398-102516808      + |     55283  uc002cdr.3
  -------
  seqinfo: 1 sequence from hg19 genome

> ## Modification of the default promoter region to include up to 400 bp downstream


> pr<-promoters(txdb,upstream=2000,downstream=400)
> pr
GRanges object with 3337 ranges and 2 metadata columns:
             seqnames              ranges strand |     tx_id     tx_name
                <Rle>           <IRanges>  <Rle> | <integer> <character>
  uc001yte.1    chr15   20360688-20363087      + |     53552  uc001yte.1
  uc001ytf.1    chr15   20485997-20488396      + |     53553  uc001ytf.1
  uc001ytj.3    chr15   20721929-20724328      + |     53554  uc001ytj.3
  uc021sex.1    chr15   20737312-20739711      + |     53555  uc021sex.1
  uc010tzb.1    chr15   20740235-20742634      + |     53556  uc010tzb.1
         ...      ...                 ...    ... .       ...         ...
  uc021syy.1    chr15 102302656-102305055      - |     56884  uc021syy.1
  uc002cdf.1    chr15 102462863-102465262      - |     56885  uc002cdf.1
  uc002cds.2    chr15 102518897-102521296      - |     56886  uc002cds.2
  uc010utv.1    chr15 102518897-102521296      - |     56887  uc010utv.1
  uc010utw.1    chr15 102518897-102521296      - |     56888  uc010utw.1
  -------
  seqinfo: 1 sequence from hg19 genome

> ## use exons to retrieve all the exons from chromosome 15
> EX <- exons(txdb)
> EX[1:4]
GRanges object with 4 ranges and 1 metadata column:
      seqnames            ranges strand |   exon_id
         <Rle>         <IRanges>  <Rle> | <integer>
  [1]    chr15 20362688-20362858      + |    192986
  [2]    chr15 20362943-20363123      + |    192987
  [3]    chr15 20364397-20364420      + |    192988
  [4]    chr15 20487997-20488227      + |    192989
  -------
  seqinfo: 1 sequence from hg19 genome
> length(EX)
[1] 10771
> length (tx)
[1] 3337

> # widths
> library(magrittr)

> width(EX) %>%
+ summary()
   Min. 1st Qu.  Median    Mean 3rd Qu.    Max. 
    3.0    86.0   132.0   322.9   208.0 11532.0 

> width(tx) %>%
+     summary()
   Min. 1st Qu.  Median    Mean 3rd Qu.    Max. 
     20      95   13388   40229   45808  887042 
> # ranges

> range(EX)
GRanges object with 2 ranges and 0 metadata columns:
      seqnames             ranges strand
         <Rle>          <IRanges>  <Rle>
  [1]    chr15 20362688-102516808      +
  [2]    chr15 20319595-102519296      -
  -------
  seqinfo: 1 sequence from hg19 genome

> range(tx)
GRanges object with 2 ranges and 0 metadata columns:
      seqnames             ranges strand
         <Rle>          <IRanges>  <Rle>
  [1]    chr15 20362688-102516808      +
  [2]    chr15 20319595-102519296      -
  -------
  seqinfo: 1 sequence from hg19 genome

> # coverage
> coverage(EX)%>%
+     runValue() %>%
+     unlist() %>%
+     summary()

   Min. 1st Qu.  Median    Mean 3rd Qu.    Max. 
 0.0000  0.0000  1.0000  0.6232  1.0000  5.0000 

> coverage(tx) %>%
+     runValue() %>%
+     unlist() %>%
+     summary()
   Min. 1st Qu.  Median    Mean 3rd Qu.    Max. 
  0.000   1.000   2.000   2.289   3.000  17.000 

> ## Grouping ranges 
> txByGene <- transcriptsBy(txdb, by = 'gene')

> # How many genes are we looking at here?
> length(txByGene)
[1] 799

> # How many transcripts do we have for each gene?
> sapply(txByGene, length) %>%
+     hist()


>  ## Group all exons by transcript and rename the resulting list with transcript names instead of the transcript IDs
> GRList <- exonsBy(txdb, by = "tx")
> tx_ids <- names(GRList)
> head(select(txdb, keys=tx_ids, columns="TXNAME", keytype="TXID"))
'select()' returned 1:1 mapping between keys and columns
  TXID     TXNAME
1    1 uc001aaa.3
2    2 uc010nxq.1
3    3 uc010nxr.1
4    4 uc001aal.1
5    5 uc001aaq.2
6    6 uc001aar.2
> 'select()' returned 1:1 mapping between keys and columns
## plot histogram
GRList <- exonsBy(txdb, by = "tx")
[1] 3337

## save histogram plot in jpg format file
> jpeg('rplot.jpg')
> sapply(GRList,length)%>%hist()
> dev.off()
pdf 
  2 
> 

## Make a TxDbPackage for an organism using UCSC as a source for the data.
library(RMariaDB)
supportedUCSCtables(genome="mm9")

makeTxDbPackageFromUCSC(version="0.01", 
                        maintainer="Shanzida <ss51@hood.edu>", 
                        author="shanzida <jahanshanzida@gmail.com>",
                        genome="mm9", 
                        tablename="knownGene")

library(TxDb.Mmusculus.UCSC.mm9.knownGene)
if (!requireNamespace("BiocManager", quietly = TRUE))
  install.packages("BiocManager")

BiocManager::install("TxDb.Mmusculus.UCSC.mm9.knownGene")

## Perform some queries to see the package works 
# fetch all transcripts
txdb2<-TxDb.Mmusculus.UCSC.mm9.knownGene

tx2 <- transcripts(txdb)
tx2

# only fetch transcripts on the + strand (of chromosome 14)

> seqlevels(txdb2) <- 'chr14'
> seqlevels(txdb2)
[1] "chr14"
> transcripts(txdb2, filter = list(tx_strand = '+'))
GRanges object with 1239 ranges and 2 metadata columns:
         seqnames              ranges strand |     tx_id
            <Rle>           <IRanges>  <Rle> | <integer>
     [1]    chr14     3049286-3077025      + |     40967
     [2]    chr14     3049286-3077025      + |     40968
     [3]    chr14     3055050-3072198      + |     40969
     [4]    chr14     3066066-3071340      + |     40970
     [5]    chr14     3134899-3136967      + |     40971
     ...      ...                 ...    ... .       ...
  [1235]    chr14 123568404-123575297      + |     42201
  [1236]    chr14 123568404-123575297      + |     42202
  [1237]    chr14 124059362-124373301      + |     42203
  [1238]    chr14 124059362-124373301      + |     42204
  [1239]    chr14 124386857-124414906      + |     42205
             tx_name
         <character>
     [1]  uc007sam.2
     [2]  uc011zfb.1
     [3]  uc011zfc.1
     [4]  uc007san.1
     [5]  uc007sao.1
     ...         ...
  [1235]  uc007vbo.1
  [1236]  uc007vbp.1
  [1237]  uc007vbu.2
  [1238]  uc011zqq.1
  [1239]  uc007vbx.1
  -------
  seqinfo: 1 sequence from mm9 genome
> 
> 