## Name:Shanzida Jahan Siddique


## Add username to the git configuration 
Shanzidas-MacBook-Air:~ shanzida$ git config --global user.name "shanzida589"

## Add user name to the git configuration
Shanzidas-MacBook-Air:~ shanzida$ git config --global user.email "jahanshanzida@yahoo.com"

## Add terminal color in git
Shanzidas-MacBook-Air:~ shanzida$ git config --global color.ui true

## Make Project directory 
Shanzidas-MacBook-Air:~ shanzida$ mkdir /users/shanzida/Desktop/Project

## Make project directory as the working directory

Shanzidas-MacBook-Air:~ shanzida$ cd  /users/shanzida/Desktop/Project

## Initialize Project directory as a git repository

Shanzidas-MacBook-Air:Project shanzida$ git init
Initialized empty Git repository in /Users/shanzida/Desktop/Project/.git/

##Clone directory from Heng Li's sequence tool kit
Shanzidas-MacBook-Air:Project shanzida$ git clone git://github.com/lh3/seqtk.git
Cloning into 'seqtk'...
remote: Enumerating objects: 5, done.
remote: Counting objects: 100% (5/5), done.
remote: Compressing objects: 100% (5/5), done.
remote: Total 344 (delta 1), reused 2 (delta 0), pack-reused 339
Receiving objects: 100% (344/344), 164.86 KiB | 4.23 MiB/s, done.
Resolving deltas: 100% (196/196), done.

## Move to seqtk directory

Shanzidas-MacBook-Air:Project shanzida$ cd seqtk

## Content of seqtk directory

Shanzidas-MacBook-Air:seqtk shanzida$ ls
LICENSE		README.md	kseq.h
Makefile	khash.h		seqtk.c

## Move to project directory

Shanzidas-MacBook-Air:seqtk shanzida$ cd /users/shanzida/Desktop/Project
## check git status 

Shanzidas-MacBook-Air:Project shanzida$ git status
On branch master

No commits yet

Untracked files:
  (use "git add <file>..." to include in what will be committed)

	seqtk/

nothing added to commit but untracked files present (use "git add" to track)

## Create blank readme files  for the project
Shanzidas-MacBook-Air:Project shanzida$ touch README.txt
## Create a sub directory 

Shanzidas-MacBook-Air:Project shanzida$ mkdir data

## Create README in data directory

Shanzidas-MacBook-Air:Project shanzida$ touch data/README.txt
## Add README.Txt and data /README.txt in Project 

Shanzidas-MacBook-Air:Project shanzida$ git add README.txt data/README.txt

## check git status

Shanzidas-MacBook-Air:Project shanzida$ git status
On branch master


No commits yet

Changes to be committed:
  (use "git rm --cached <file>..." to unstage)

	new file:   README.txt
	new file:   data/README.txt

Untracked files:
  (use "git add <file>..." to include in what will be committed)

	seqtk/

Shanzidas-MacBook-Air:Project shanzida$ echo "Final Project for BIFX 552" >> README.txt
Shanzidas-MacBook-Air:Project shanzida$ git status
On branch master

No commits yet

Changes to be committed:
  (use "git rm --cached <file>..." to unstage)

	new file:   README.txt
	new file:   data/README.txt

Changes not staged for commit:
  (use "git add <file>..." to update what will be committed)
  (use "git checkout -- <file>..." to discard changes in working directory)

	modified:   README.txt

Untracked files:
  (use "git add <file>..." to include in what will be committed)

	seqtk/
## Add line to the readme file
Shanzidas-MacBook-Air:Project shanzida$ git add README.txt

## check the git status
Shanzidas-MacBook-Air:Project shanzida$ git status
On branch master

No commits yet

Changes to be committed:
  (use "git rm --cached <file>..." to unstage)

	new file:   README.txt
	new file:   data/README.txt

Untracked files:
  (use "git add <file>..." to include in what will be committed)

	seqtk/
## Stage changed version of README for commit and check status again

Shanzidas-MacBook-Air:Project shanzida$ git commit -m "initial import"
[master (root-commit) f71b837] initial import
 2 files changed, 1 insertion(+)
 create mode 100644 README.txt
 create mode 100644 data/README.txt
Shanzidas-MacBook-Air:Project shanzida$ git config --global core.editor vim
Shanzidas-MacBook-Air:Project shanzida$ git commit -a -m "this commit includes all changes so far"
On branch master
Untracked files:
	seqtk/

nothing added to commit but untracked files present
Shanzidas-MacBook-Air:Project shanzida$ git status
On branch master
Untracked files:
  (use "git add <file>..." to include in what will be committed)

	seqtk/

nothing added to commit but untracked files present (use "git add" to track)

## Modify the README file
Shanzidas-MacBook-Air:Project shanzida$ echo "Project started 2019-11-07" >> README.txt

## show file differences 

Shanzidas-MacBook-Air:Project shanzida$ git diff
diff --git a/README.txt b/README.txt
index 9e82945..3860924 100644
--- a/README.txt
+++ b/README.txt
@@ -1 +1,2 @@
 Final Project for BIFX 552
+Project started 2019-11-07


## Visualization of the chain of commits
Shanzidas-MacBook-Air:Project shanzida$ git log
commit f71b837f47c34b09494bd02081bf7c366c1a1ec4 (HEAD -> master)
Author: shanzida589 <jahanshanzida@yahoo.com>
Date:   Sun Nov 10 23:17:21 2019 -0500

    initial import

# Commit changes from last section
Shanzidas-MacBook-Air:Project shanzida$ git commit -a -m "Added information about project to README.txt"
[master a26e690] Added information about project to README.txt
 1 file changed, 1 insertion(+)
Shanzidas-MacBook-Air:Project shanzida$ git log
commit a26e69038a22c3a8e42d2bba923ef775edc83828 (HEAD -> master)
Author: shanzida589 <jahanshanzida@yahoo.com>
Date:   Sun Nov 10 23:19:39 2019 -0500

    Added information about project to README.txt

commit f71b837f47c34b09494bd02081bf7c366c1a1ec4
Author: shanzida589 <jahanshanzida@yahoo.com>
Date:   Sun Nov 10 23:17:21 2019 -0500

    initial import
Shanzidas-MacBook-Air:Project shanzida$ cd seqtk
Shanzidas-MacBook-Air:seqtk shanzida$ git log
commit 54c21bc5ade8264deccaa84ee3044fc023732be9 (HEAD -> master, origin/master, origin/HEAD)
Merge: eaf4434 ca4785c
Author: Heng Li <lh3@me.com>
Date:   Sun Oct 6 12:18:05 2019 -0400

    Merge branch 'master' of github.com:lh3/seqtk

commit eaf44342a6984298cdab7493f4f5262923ac1046
Author: Heng Li <lh3@me.com>
Date:   Sun Oct 6 12:17:52 2019 -0400

    r107: output gap positions

commit ca4785c620d34cf5934b89ae8e00f6dc71a5bf1e
Merge: 68752fd 7fe58c8
Author: Heng Li <lh3@me.com>
Date:   Mon Feb 18 19:43:10 2019 -0500

    Merge pull request #131 from cjain7/master
    
    Type conversion from void* to unsigned char*

commit 7fe58c806c80b6634e96ab752ffdcb286e44c0bc

# Use git mv to change README.txt to README.md

Shanzidas-MacBook-Air:Project shanzida$ git mv data/README.txt data/README.md
Shanzidas-MacBook-Air:Project shanzida$ git mv README.txt README.md

# List of working directory 
Shanzidas-MacBook-Air:Project shanzida$ ls
README.md	data		seqtk
Shanzidas-MacBook-Air:Project shanzida$ git status
On branch master
Changes to be committed:
  (use "git reset HEAD <file>..." to unstage)

	renamed:    README.txt -> README.md
	renamed:    data/README.txt -> data/README.md

Untracked files:
  (use "git add <file>..." to include in what will be committed)

	seqtk/
## Commit changes to README file 

Shanzidas-MacBook-Air:Project shanzida$ git commit -m "markdown extensions added to README files"
[master d1782c1] markdown extensions added to README files
 2 files changed, 0 insertions(+), 0 deletions(-)
 rename README.txt => README.md (100%)
 rename data/{README.txt => README.md} (100%)

# Create a global .gitignore file and configure git to use it
Shanzidas-MacBook-Air:Project shanzida$ git config --global core.excludesfile ~/.gitignore_global

# Undo a stage using git reset
Shanzidas-MacBook-Air:Project shanzida$ echo "TODO:find sequence from database" >> README.md


Shanzidas-MacBook-Air:Project shanzida$ git add README.md


Shanzidas-MacBook-Air:Project shanzida$ git status
On branch master
Changes to be committed:
  (use "git reset HEAD <file>..." to unstage)

	modified:   README.md

Untracked files:
  (use "git add <file>..." to include in what will be committed)

	seqtk/
## Generate SSH key

Shanzidas-MacBook-Air:Project shanzida$ ssh-keygen -t rsa -b 4096 -C "jahanshanzida@gmail.com"
Generating public/private rsa key pair.
Enter file in which to save the key (/Users/shanzida/.ssh/id_rsa): 
/Users/shanzida/.ssh/id_rsa already exists.
Overwrite (y/n)? y
Enter passphrase (empty for no passphrase): 
Enter same passphrase again: 
Your identification has been saved in /Users/shanzida/.ssh/id_rsa.
Your public key has been saved in /Users/shanzida/.ssh/id_rsa.pub.
The key fingerprint is:
SHA256:Hed8HYQrcsnuXLxkNso27XKbtZ0bAh7JIWwH9PRoCPc jahanshanzida@gmail.com
The key's randomart image is:
+---[RSA 4096]----+
|       ..+ .  .. |
|        + * o..  |
|         =oEo... |
|        .o=Xo. ..|
|        S === . .|
|          ..oO   |
|          +.B.oo |
|           O ++ =|
|          . =+.+o|
+----[SHA256]-----+
Shanzidas-MacBook-Air:Project shanzida$ (ssh-agent -s)
SSH_AUTH_SOCK=/var/folders/1m/q6hl97cd2xncjsk25_fq7q0r0000gn/T//ssh-r3szqq7f7Mpl/agent.51723; export SSH_AUTH_SOCK;
SSH_AGENT_PID=51724; export SSH_AGENT_PID;
echo Agent pid 51724;
Shanzidas-MacBook-Air:Project shanzida$ ssh-add ~/.ssh/id_rsa
Enter passphrase for /Users/shanzida/.ssh/id_rsa: 
Identity added: /Users/shanzida/.ssh/id_rsa (jahanshanzida@gmail.com)
Shanzidas-MacBook-Air:Project shanzida$ bangladesh8
-bash: bangladesh8: command not found

## verify SSH with GitHub

Shanzidas-MacBook-Air:Project shanzida$ cat ~/.ssh/id_rsa.pub
ssh-rsa AAAAB3NzaC1yc2EAAAADAQABAAACAQCbuBLIE+cpGTp6+jjRdL3V1Sq19LkvrZ93s0hZ/LInHJaJEHcg13R2jbudaSu1C/HzzSkBAYonjkRi1bBMwrQBGvDrF234xRH7HoCfX6G6+mnxIzbJV4JmPL+JOnsvNx9T5YrJN7tUbtmBmb0yc3vOHh8Ua6UYYe6P3U0eH3S2mrPvqH9kPVLi3om8rPDx1e4Cp0zfmvkj2XT4yQp8vON9cgrG9wcQ8ZMrYzSoeHsdmv56Zr3hMufNQdI9tX8o5ZMS2/wa9jS0kRXkKwWTT/4IKx+myPLaDJkmChQiqNJRGoTQjIJngqQn/oT1QSB0Qt296+3bz4ho7weEOZFjbU25vXGizfVEJwJ9+5YHQMxJ0GqVlqidXywwl8IZsA6oDSp20VZN0VVWIuU1YkJzinca65dYLDWTW17H3TDyPBg04z+RwI+loSyWdrlq3LioKeuW6RaAsBzew9yEbc7+lezfovFdcdE1jPiGLq4U8vJuzAonuHuSONci9AfHo5I+himsLMlbd03Qpqq+o0uXrVlcrpnOLzw1Id1REeMrfim++3QjqLJDn33G2kHrkKkBnrH+HgOunBodj7I+R8G0WCp/9efGEn4Gv3bFCMwvonBWWhxrnBl5mUX0s1baU24jPClc1CJhiDVb1lBCbkDoA+lf7QJfF4OuauwYa42QsYR8aQ== jahanshanzida@gmail.com


Shanzidas-MacBook-Air:Project shanzida$ ssh -T git@github.com
Hi shanzida589! You've successfully authenticated, but GitHub does not provide shell access.
 ## Configure local repository to use GitHub repository
Shanzidas-MacBook-Air:Project shanzida$ git remote add origin https://github.com/shanzida589/Project.git

## Check if local repository knows remote repository
Shanzidas-MacBook-Air:Project shanzida$ git remote -v
origin	https://github.com/shanzida589/Project.git (fetch)
origin	https://github.com/shanzida589/Project.git (push)

# Push the local repository to GitHub 
Shanzidas-MacBook-Air:Project shanzida$ git push -u origin master


Shanzidas-MacBook-Air:Project shanzida$ git push -u origin master
Username for 'https://github.com': shanzida589
Password for 'https://shanzida589@github.com': 
Enumerating objects: 11, done.
Counting objects: 100% (11/11), done.
Delta compression using up to 4 threads
Compressing objects: 100% (7/7), done.
Writing objects: 100% (11/11), 964 bytes | 482.00 KiB/s, done.
Total 11 (delta 0), reused 0 (delta 0)
To https://github.com/shanzida589/Project.git
 * [new branch]      master -> master
Branch 'master' set up to track remote branch 'master' from 'origin'.

## Clone git hub repository 

Shanzidas-MacBook-Air:Project shanzida$ git clone git@github.com:shanzida589/Project Project_copy
Cloning into 'Project_copy'...
remote: Enumerating objects: 11, done.
remote: Counting objects: 100% (11/11), done.
remote: Compressing objects: 100% (7/7), done.
remote: Total 11 (delta 0), reused 11 (delta 0), pack-reused 0
Receiving objects: 100% (11/11), done.

Shanzidas-MacBook-Air:Project shanzida$ cd Project_copy

Shanzidas-MacBook-Air:Project_copy shanzida$ git log
commit d1782c18002927a1ef614cb48ada97587755b06f (HEAD -> master, origin/master, origin/HEAD)
Author: shanzida589 <jahanshanzida@yahoo.com>
Date:   Sun Nov 10 23:32:04 2019 -0500

    markdown extensions added to README files

commit a26e69038a22c3a8e42d2bba923ef775edc83828
Author: shanzida589 <jahanshanzida@yahoo.com>
Date:   Sun Nov 10 23:19:39 2019 -0500

    Added information about project to README.txt

commit f71b837f47c34b09494bd02081bf7c366c1a1ec4
Author: shanzida589 <jahanshanzida@yahoo.com>
Date:   Sun Nov 10 23:17:21 2019 -0500

    initial import

## Modify a file on local repository 

Shanzidas-MacBook-Air:Project_copy shanzida$ echo "Modify file" >> README.md
Shanzidas-MacBook-Air:Project_copy shanzida$ git commit -a -m "added new information"
[master 59bb684] added new information
 1 file changed, 1 insertion(+)
Shanzidas-MacBook-Air:Project_copy shanzida$ git push origin master
Enumerating objects: 5, done.
Counting objects: 100% (5/5), done.
Delta compression using up to 4 threads
Compressing objects: 100% (3/3), done.
Writing objects: 100% (3/3), 339 bytes | 339.00 KiB/s, done.
Total 3 (delta 0), reused 0 (delta 0)
To github.com:shanzida589/Project
   d1782c1..59bb684  master -> master


# Go to the copy repository and pull changes
Shanzidas-MacBook-Air:Project_copy shanzida$ git pull origin master
From github.com:shanzida589/Project
 * branch            master     -> FETCH_HEAD
Already up to date.
Shanzidas-MacBook-Air:Project_copy shanzida$ cd 
Shanzidas-MacBook-Air:~ shanzida$ cd /users/shanzida/Desktop/Project
Shanzidas-MacBook-Air:Project shanzida$ git log --pretty=oneline --abbrev-commit
2138574 (HEAD -> master) added new information
ed30cbb added new information
d1782c1 (origin/master) markdown extensions added to README files
a26e690 Added information about project to README.txt
f71b837 initial import
Shanzidas-MacBook-Air:Project shanzida$ cd Project_copy

## View abbreviated log 
Shanzidas-MacBook-Air:Project_copy shanzida$ git log --pretty=oneline --abbrev-commit
59bb684 (HEAD -> master, origin/master, origin/HEAD) added new information
d1782c1 markdown extensions added to README files
a26e690 Added information about project to README.txt
f71b837 initial import

## Make commit to project copy repository and push in to central repository 

Shanzidas-MacBook-Air:Project_copy shanzida$ echo "\n\nThis is for collaboration" >>README.md
Shanzidas-MacBook-Air:Project_copy shanzida$ git commit -a -m "added new note"
[master 2a63000] added new note
 1 file changed, 1 insertion(+)
Shanzidas-MacBook-Air:Project_copy shanzida$ git push origin master
Enumerating objects: 5, done.
Counting objects: 100% (5/5), done.
Delta compression using up to 4 threads
Compressing objects: 100% (3/3), done.
Writing objects: 100% (3/3), 360 bytes | 360.00 KiB/s, done.
Total 3 (delta 0), reused 0 (delta 0)
To github.com:shanzida589/Project
   59bb684..2a63000  master -> master

Shanzidas-MacBook-Air:Project_copy shanzida$ cd
Shanzidas-MacBook-Air:~ shanzida$ cd users/shanzida/Desktop/Project
-bash: cd: users/shanzida/Desktop/Project: No such file or directory
Shanzidas-MacBook-Air:~ shanzida$ cd
Shanzidas-MacBook-Air:~ shanzida$ cd Desktop
Shanzidas-MacBook-Air:Desktop shanzida$ cd Project

Shanzidas-MacBook-Air:Project shanzida$ cd Project_copy
Shanzidas-MacBook-Air:Project_copy shanzida$ echo "\n\nThis is for collaboration" >>README.md
Shanzidas-MacBook-Air:Project_copy shanzida$ git commit -a -m "added new note"
[master c071944] added new note
 1 file changed, 1 insertion(+)
Shanzidas-MacBook-Air:Project_copy shanzida$ git push origin master
Enumerating objects: 5, done.
Counting objects: 100% (5/5), done.
Delta compression using up to 4 threads
Compressing objects: 100% (3/3), done.
Writing objects: 100% (3/3), 301 bytes | 301.00 KiB/s, done.
Total 3 (delta 1), reused 0 (delta 0)
remote: Resolving deltas: 100% (1/1), completed with 1 local object.
To github.com:shanzida589/Project
   2a63000..c071944  master -> master
Shanzidas-MacBook-Air:Project_copy shanzida$ cd
Shanzidas-MacBook-Air:~ shanzida$ cd /users/shanzida/Desktop/Project
Shanzidas-MacBook-Air:Project shanzida$ git pull origin master
remote: Enumerating objects: 11, done.
remote: Counting objects: 100% (11/11), done.
remote: Compressing objects: 100% (8/8), done.
remote: Total 9 (delta 2), reused 8 (delta 1), pack-reused 0
Unpacking objects: 100% (9/9), done.
From https://github.com/shanzida589/Project
 * branch            master     -> FETCH_HEAD
   d1782c1..c071944  master     -> origin/master
Auto-merging README.md
CONFLICT (content): Merge conflict in README.md
Automatic merge failed; fix conflicts and then commit the result.
Shanzidas-MacBook-Air:Project shanzida$ cd Project_copy

## Check last two entries 
Shanzidas-MacBook-Air:Project_copy shanzida$ git log -n 2
commit c0719448968e32b273c09182584aa60bfa58ee38 (HEAD -> master, origin/master, origin/HEAD)
Author: shanzida589 <jahanshanzida@yahoo.com>
Date:   Mon Nov 11 00:15:56 2019 -0500

    added new note

commit 2a630006034e61151ffe4c23e04cb8afc17f5ca0
Author: shanzida589 <jahanshanzida@yahoo.com>
Date:   Mon Nov 11 00:12:27 2019 -0500

    added new note
Shanzidas-MacBook-Air:Project_copy shanzida$ cd 
Shanzidas-MacBook-Air:~ shanzida$ cd /users/shanzida/Desktop/Project
Shanzidas-MacBook-Air:Project shanzida$ cd pProject_copy
-bash: cd: pProject_copy: No such file or directory
Shanzidas-MacBook-Air:Project shanzida$ cd Project_copy
Shanzidas-MacBook-Air:Project_copy shanzida$ git commit -a -m "Merge conflict test"
On branch master
Your branch is up to date with 'origin/master'.

nothing to commit, working tree clean

 